[02:01:55] [ServerMain/INFO]: [bootstrap] Running Java 21 (OpenJDK 64-Bit Server VM 21.0.6+7-Ubuntu-120.04.1; Ubuntu null) on Linux 6.5.0-1025-azure (amd64)
[02:01:55] [ServerMain/INFO]: [bootstrap] Loading Paper 1.21.1-57-master@b483da4 (2024-09-01T18:09:05Z) for Minecraft 1.21.1
[02:01:56] [ServerMain/INFO]: [PluginInitializerManager] Initializing plugins...
[02:01:56] [ServerMain/INFO]: [PluginInitializerManager] Initialized 1 plugin
[02:01:56] [ServerMain/INFO]: [PluginInitializerManager] Bukkit plugins (1):
 - sleep-most (5.5.1)
[02:02:02] [ServerMain/INFO]: Environment: Environment[sessionHost=https://sessionserver.mojang.com, servicesHost=https://api.minecraftservices.com, name=PROD]
[02:02:05] [ServerMain/INFO]: Loaded 1290 recipes
[02:02:05] [ServerMain/INFO]: Loaded 1399 advancements
[02:02:05] [Server thread/INFO]: Starting minecraft server version 1.21.1
[02:02:05] [Server thread/INFO]: Loading properties
[02:02:05] [Server thread/INFO]: This server is running Paper version 1.21.1-57-master@b483da4 (2024-09-01T18:09:05Z) (Implementing API version 1.21.1-R0.1-SNAPSHOT)
[02:02:06] [Server thread/INFO]: [spark] This server bundles the spark profiler. For more information please visit https://docs.papermc.io/paper/profiling
[02:02:06] [Server thread/INFO]: Server Ping Player Sample Count: 12
[02:02:06] [Server thread/INFO]: Using 4 threads for Netty based IO
[02:02:07] [Server thread/INFO]: [ChunkTaskScheduler] Chunk system is using 1 I/O threads, 1 worker threads, and population gen parallelism of 1 threads
[02:02:08] [Server thread/INFO]: Default game type: SURVIVAL
[02:02:08] [Server thread/INFO]: Generating keypair
[02:02:08] [Server thread/INFO]: Starting Minecraft server on *:25565
[02:02:08] [Server thread/INFO]: Using epoll channel type
[02:02:08] [Server thread/INFO]: Paper: Using libdeflate (Linux x86_64) compression from Velocity.
[02:02:08] [Server thread/INFO]: Paper: Using OpenSSL 1.1.x (Linux x86_64) cipher from Velocity.
[02:02:08] [Server thread/INFO]: [sleep-most] Loading server plugin sleep-most v5.5.1
[02:02:08] [Server thread/INFO]: Server permissions file permissions.yml is empty, ignoring it
[02:02:08] [Server thread/WARN]: **** SERVER IS RUNNING IN OFFLINE/INSECURE MODE!
[02:02:08] [Server thread/WARN]: The server will make no attempt to authenticate usernames. Beware.
[02:02:08] [Server thread/WARN]: While this makes the game possible to play without internet access, it also opens up the ability for hackers to connect with any username they choose.
[02:02:08] [Server thread/WARN]: To change this, set "online-mode" to "true" in the server.properties file.
[02:02:08] [Server thread/INFO]: Preparing level "world"
[02:02:10] [Server thread/INFO]: Preparing start region for dimension minecraft:overworld
[02:02:13] [Server thread/INFO]: Time elapsed: 3006 ms
[02:02:13] [Server thread/INFO]: Preparing start region for dimension minecraft:the_nether
[02:02:14] [Server thread/INFO]: Time elapsed: 399 ms
[02:02:14] [Server thread/INFO]: Preparing start region for dimension minecraft:the_end
[02:02:14] [Server thread/INFO]: Time elapsed: 135 ms
[02:02:14] [Server thread/INFO]: [sleep-most] Enabling sleep-most v5.5.1
[02:02:15] [Server thread/INFO]: [spark] Starting background profiler...
[02:02:16] [Server thread/INFO]: Done preparing level "world" (8.322s)
[02:02:16] [Server thread/INFO]: Running delayed init tasks
[02:02:16] [Server thread/INFO]: Done (22.263s)! For help, type "help"
[02:02:16] [Server thread/INFO]: Timings Reset
[02:02:17] [Craft Scheduler Thread - 3 - sleep-most/INFO]: [sleep-most] UPDATE FOUND: A newer version of sleep-most is available to download!
[02:05:45] [User Authenticator #0/INFO]: UUID of player ollop78 is 017e40b1-a3dd-3ae5-964c-c6f19a1b307f
[02:05:49] [User Authenticator #0/INFO]: UUID of player williwanwan is 47c5bf64-f60d-3487-b1ec-b64f2e414735
[02:05:51] [Server thread/INFO]: ollop78 joined the game
[02:05:51] [Server thread/INFO]: ollop78[/127.174.213.253:36847] logged in with entity id 9 at ([world]2236.9293320173065, 64.0, -367.99568404179513)
[02:05:51] [Server thread/INFO]: williwanwan joined the game
[02:05:51] [Server thread/INFO]: williwanwan[/127.193.142.163:33593] logged in with entity id 10 at ([world]2236.8781323455178, 64.0, -367.2049490843986)
[02:06:49] [Async Chat Thread - #0/INFO]: [Not Secure] <williwanwan> ds
[02:11:37] [Server thread/INFO]: ollop78 fell from a high place
[02:13:02] [Server thread/INFO]: ollop78 fell from a high place
[02:15:38] [Server thread/INFO]: ollop78 fell from a high place
[02:47:35] [Server thread/INFO]: Villager Villager['Fletcher'/13, uuid='c9f486ae-0e21-4e9f-843c-ecf71cb636ef', l='ServerLevel[world]', x=2226.30, y=61.00, z=-379.41, cpos=[139, -24], tl=1077927, v=true] died, message: 'Fletcher went up in flames'
[02:47:39] [Server thread/INFO]: Villager Villager['Fletcher'/15, uuid='3151307a-a725-47cb-afa5-7f0d7c58a6a1', l='ServerLevel[world]', x=2226.30, y=61.00, z=-381.51, cpos=[139, -24], tl=1077949, v=true] died, message: 'Fletcher went up in flames'
[02:47:40] [Server thread/INFO]: Villager Villager['Fletcher'/14, uuid='02df04ae-aadc-4751-a393-9bf57d4e70b5', l='ServerLevel[world]', x=2226.41, y=61.00, z=-383.43, cpos=[139, -24], tl=1078072, v=true] died, message: 'Fletcher went up in flames'
[02:47:42] [Server thread/INFO]: Villager Villager['Fletcher'/49, uuid='ece94595-f71d-4c86-8fa2-08bb520b1ccf', l='ServerLevel[world]', x=2226.67, y=61.00, z=-385.53, cpos=[139, -25], tl=1078911, v=true] died, message: 'Fletcher went up in flames'
[02:56:07] [Server thread/INFO]: Villager Villager['Villager'/6112, uuid='b436a9da-8e29-43f9-8df4-ce5f594806b9', l='ServerLevel[world]', x=2225.15, y=62.00, z=-383.55, cpos=[139, -24], tl=20978, v=true] died, message: 'Villager was slain by ollop78'
[03:15:53] [Server thread/INFO]: ollop78 lost connection: Disconnected
[03:15:53] [Server thread/INFO]: ollop78 left the game
[03:16:06] [User Authenticator #1/INFO]: UUID of player ollop78 is 017e40b1-a3dd-3ae5-964c-c6f19a1b307f
[03:16:09] [Server thread/INFO]: ollop78 joined the game
[03:16:09] [Server thread/INFO]: ollop78[/127.174.213.253:52991] logged in with entity id 14579 at ([world_nether]277.5544355783529, 27.0, -130.58737250068322)
[03:16:23] [Server thread/INFO]: ollop78 lost connection: Disconnected
[03:16:23] [Server thread/INFO]: ollop78 left the game
[03:16:27] [User Authenticator #1/INFO]: UUID of player ollop78 is 017e40b1-a3dd-3ae5-964c-c6f19a1b307f
[03:16:29] [Server thread/INFO]: ollop78 joined the game
[03:16:29] [Server thread/INFO]: ollop78[/127.174.213.253:51949] logged in with entity id 14712 at ([world_nether]274.30891429006414, 32.0, -131.30000001192093)
[03:19:38] [Server thread/INFO]: williwanwan lost connection: Disconnected
[03:19:38] [Server thread/INFO]: williwanwan left the game
[03:32:28] [User Authenticator #2/INFO]: UUID of player williwanwan is 47c5bf64-f60d-3487-b1ec-b64f2e414735
[03:32:30] [Server thread/INFO]: williwanwan joined the game
[03:32:30] [Server thread/INFO]: williwanwan[/127.193.142.163:43025] logged in with entity id 17255 at ([world]2258.300000011921, 60.0, -324.6660246209291)
[03:34:22] [Server thread/INFO]: ollop78 lost connection: Disconnected
[03:34:22] [Server thread/INFO]: ollop78 left the game
[03:34:26] [User Authenticator #3/INFO]: UUID of player ollop78 is 017e40b1-a3dd-3ae5-964c-c6f19a1b307f
[03:34:29] [Server thread/INFO]: ollop78 joined the game
[03:34:29] [Server thread/INFO]: ollop78[/127.174.213.253:34099] logged in with entity id 17905 at ([world_nether]235.35923803393302, 85.0, 81.0470190516906)
[03:37:38] [Server thread/INFO]: williwanwan lost connection: Disconnected
[03:37:38] [Server thread/INFO]: williwanwan left the game
[03:37:40] [User Authenticator #4/INFO]: UUID of player williwanwan is 47c5bf64-f60d-3487-b1ec-b64f2e414735
[03:37:41] [Server thread/INFO]: williwanwan joined the game
[03:37:41] [Server thread/INFO]: williwanwan[/127.193.142.163:50301] logged in with entity id 18897 at ([world]2269.4054955300658, 86.5, -335.71818829953)
[03:38:13] [Server thread/INFO]: ollop78 issued server command: /gamemode creative
[03:38:13] [Server thread/INFO]: [ollop78: Set own game mode to Creative Mode]
[03:39:32] [Server thread/INFO]: ollop78 issued server command: /gamemode survival
[03:39:32] [Server thread/INFO]: [ollop78: Set own game mode to Survival Mode]
